---
source: tests/cmd_config_status.rs
expression: stdout
---
base:        <TMP>/home/.codex/config.base.toml (exists=true)
target:      <TMP>/home/.codex/config.toml (exists=false)
stamp:       <TMP>/cache/codex-session/last-merge (exists=false)
child-bin:   <TMP>/bin/codex
log-file:    <TMP>/state/codex-session
log-verbose: 0
log-mirror:  false
log-format:  json
log-stderr-format: auto
needs_merge: yes
sources:
  defaults
  user:    none
  project: none
  env:     CODEX_SESSION_*
  cli:     CliValueOverrides { log: None, child: None }
