---
source: tests/cmd_config_status.rs
assertion_line: 59
expression: value
---
{
  "account": "default",
  "account-source": "fallback",
  "accounts-count": 0,
  "accounts-in-cooldown": 0,
  "active-account-has-auth": true,
  "active-profile": "default",
  "child-bin": "<TMP>/bin/codex",
  "codex-home": "<TMP>/state/codex-session/accounts/default/groups/stable",
  "group-id": "stable",
  "group-id-source": "flag",
  "layer-paths": [
    {
      "error": null,
      "exists": true,
      "name": "base",
      "path": "<TMP>/config/codex-session/settings/base.toml"
    }
  ],
  "log": {
    "file": "<TMP>/state/codex-session",
    "format": "json",
    "mirror-stderr": false,
    "stderr-format": null,
    "verbose": 0
  },
  "manifest-path": "<TMP>/config/codex-session/profiles/default.yaml",
  "session-root": "<TMP>/state/codex-session",
  "session-root-source": "state",
  "sources": {
    "cli": "CliValueOverrides { log: None, child: None, profile: None }",
    "defaults": true,
    "env": "CODEX_SESSION_*",
    "project": null,
    "user": null
  }
}
