---
source: tests/cmd_config_recipe_show.rs
expression: value
---
{
  "active-config-recipe": "default",
  "layer-paths": [
    {
      "exists": true,
      "name": "base",
      "path": "<TMP>/config/codex-session/settings/base.toml"
    }
  ],
  "manifest-path": "<TMP>/config/codex-session/config-recipes/default.yaml",
  "stock-mode": false
}
