---
source: tests/cmd_self_config_status.rs
expression: stdout
---
base:        <TMP>/home/.codex/config.base.toml (exists=true)
target:      <TMP>/home/.codex/config.toml (exists=false)
stamp:       <TMP>/cache/codex-session/last-merge (exists=false)
child-bin:   <TMP>/bin/codex
log-file:    <TMP>/home/.local/state/codex-session/codex-session.log
needs_merge: yes
