---
source: tests/cmd_self_config_status.rs
expression: value
---
{
  "base-exists": true,
  "base-path": "<TMP>/home/.codex/config.base.toml",
  "child-bin": "<TMP>/bin/codex",
  "log-file": "<TMP>/home/.local/state/codex-session/codex-session.log",
  "needs-merge": true,
  "stamp-exists": false,
  "stamp-path": "<TMP>/cache/codex-session/last-merge",
  "target-exists": false,
  "target-path": "<TMP>/home/.codex/config.toml"
}
